[INFO] Scanning for projects...
[INFO] 
[INFO] --------------------------< com.edi:backend >---------------------------
[INFO] Building backend 0.0.1-SNAPSHOT
[INFO]   from pom.xml
[INFO] --------------------------------[ jar ]---------------------------------
[INFO] 
[INFO] --- clean:3.4.1:clean (default-clean) @ backend ---
[INFO] Deleting C:\Users\shawn\OneDrive\Desktop\resume\edi-workflow-demo\backend\target
[INFO] 
[INFO] --- resources:3.3.1:resources (default-resources) @ backend ---
[INFO] Copying 1 resource from src\main\resources to target\classes
[INFO] Copying 0 resource from src\main\resources to target\classes
[INFO] 
[INFO] --- compiler:3.14.1:compile (default-compile) @ backend ---
[INFO] Recompiling the module because of changed source code.
[INFO] Compiling 10 source files with javac [debug parameters release 17] to target\classes
[INFO] -------------------------------------------------------------
[ERROR] COMPILATION ERROR : 
[INFO] -------------------------------------------------------------
[ERROR] /C:/Users/shawn/OneDrive/Desktop/resume/edi-workflow-demo/backend/src/main/java/com/edi/backend/services/SampleEdiIngestService.java:[76,38] cannot find symbol
  symbol:   method getClaimId()
  location: variable c of type com.edi.backend.models.Claim
[ERROR] /C:/Users/shawn/OneDrive/Desktop/resume/edi-workflow-demo/backend/src/main/java/com/edi/backend/services/SampleEdiIngestService.java:[77,38] cannot find symbol
  symbol:   method getPatientId()
  location: variable c of type com.edi.backend.models.Claim
[ERROR] /C:/Users/shawn/OneDrive/Desktop/resume/edi-workflow-demo/backend/src/main/java/com/edi/backend/services/SampleEdiIngestService.java:[78,38] cannot find symbol
  symbol:   method getProviderId()
  location: variable c of type com.edi.backend.models.Claim
[ERROR] /C:/Users/shawn/OneDrive/Desktop/resume/edi-workflow-demo/backend/src/main/java/com/edi/backend/services/SampleEdiIngestService.java:[79,38] cannot find symbol
  symbol:   method getPayerId()
  location: variable c of type com.edi.backend.models.Claim
[ERROR] /C:/Users/shawn/OneDrive/Desktop/resume/edi-workflow-demo/backend/src/main/java/com/edi/backend/services/SampleEdiIngestService.java:[80,30] cannot find symbol
  symbol:   method getServiceDate()
  location: variable c of type com.edi.backend.models.Claim
[ERROR] /C:/Users/shawn/OneDrive/Desktop/resume/edi-workflow-demo/backend/src/main/java/com/edi/backend/services/SampleEdiIngestService.java:[81,38] cannot find symbol
  symbol:   method getProcedureCode()
  location: variable c of type com.edi.backend.models.Claim
[ERROR] /C:/Users/shawn/OneDrive/Desktop/resume/edi-workflow-demo/backend/src/main/java/com/edi/backend/services/SampleEdiIngestService.java:[82,38] cannot find symbol
  symbol:   method getDiagnosisCode()
  location: variable c of type com.edi.backend.models.Claim
[ERROR] /C:/Users/shawn/OneDrive/Desktop/resume/edi-workflow-demo/backend/src/main/java/com/edi/backend/services/SampleEdiIngestService.java:[83,30] cannot find symbol
  symbol:   method getBilledAmount()
  location: variable c of type com.edi.backend.models.Claim
[ERROR] /C:/Users/shawn/OneDrive/Desktop/resume/edi-workflow-demo/backend/src/main/java/com/edi/backend/services/SampleEdiIngestService.java:[86,58] cannot find symbol
  symbol:   method getClaimId()
  location: variable c of type com.edi.backend.models.Claim
[ERROR] /C:/Users/shawn/OneDrive/Desktop/resume/edi-workflow-demo/backend/src/main/java/com/edi/backend/parsers/Edi837Parser.java:[33,43] cannot find symbol
  symbol:   method setClaimId(java.lang.String)
  location: variable current of type com.edi.backend.models.Claim
[ERROR] /C:/Users/shawn/OneDrive/Desktop/resume/edi-workflow-demo/backend/src/main/java/com/edi/backend/parsers/Edi837Parser.java:[35,28] cannot find symbol
  symbol:   method setBilledAmount(java.math.BigDecimal)
  location: variable current of type com.edi.backend.models.Claim
[ERROR] /C:/Users/shawn/OneDrive/Desktop/resume/edi-workflow-demo/backend/src/main/java/com/edi/backend/parsers/Edi837Parser.java:[37,24] cannot find symbol
  symbol:   method setEdiType(java.lang.String)
  location: variable current of type com.edi.backend.models.Claim
[ERROR] /C:/Users/shawn/OneDrive/Desktop/resume/edi-workflow-demo/backend/src/main/java/com/edi/backend/parsers/Edi837Parser.java:[38,24] cannot find symbol
  symbol:   method setClaimStatus(java.lang.String)
  location: variable current of type com.edi.backend.models.Claim
[ERROR] /C:/Users/shawn/OneDrive/Desktop/resume/edi-workflow-demo/backend/src/main/java/com/edi/backend/parsers/Edi837Parser.java:[39,24] cannot find symbol
  symbol:   method setRawEdiReference(java.lang.String)
  location: variable current of type com.edi.backend.models.Claim
[ERROR] /C:/Users/shawn/OneDrive/Desktop/resume/edi-workflow-demo/backend/src/main/java/com/edi/backend/parsers/Edi837Parser.java:[51,41] cannot find symbol
  symbol:   method setPatientId(java.lang.String)
  location: variable current of type com.edi.backend.models.Claim
[ERROR] /C:/Users/shawn/OneDrive/Desktop/resume/edi-workflow-demo/backend/src/main/java/com/edi/backend/parsers/Edi837Parser.java:[52,41] cannot find symbol
  symbol:   method setProviderId(java.lang.String)
  location: variable current of type com.edi.backend.models.Claim
[ERROR] /C:/Users/shawn/OneDrive/Desktop/resume/edi-workflow-demo/backend/src/main/java/com/edi/backend/parsers/Edi837Parser.java:[53,41] cannot find symbol
  symbol:   method setPayerId(java.lang.String)
  location: variable current of type com.edi.backend.models.Claim
[ERROR] /C:/Users/shawn/OneDrive/Desktop/resume/edi-workflow-demo/backend/src/main/java/com/edi/backend/parsers/Edi837Parser.java:[58,28] cannot find symbol
  symbol:   method setServiceDate(java.time.LocalDate)
  location: variable current of type com.edi.backend.models.Claim
[ERROR] /C:/Users/shawn/OneDrive/Desktop/resume/edi-workflow-demo/backend/src/main/java/com/edi/backend/parsers/Edi837Parser.java:[64,28] cannot find symbol
  symbol:   method setProcedureCode(idx >= 0 ?[...] comp)
  location: variable current of type com.edi.backend.models.Claim
[ERROR] /C:/Users/shawn/OneDrive/Desktop/resume/edi-workflow-demo/backend/src/main/java/com/edi/backend/parsers/Edi837Parser.java:[70,28] cannot find symbol
  symbol:   method setDiagnosisCode(idx >= 0 ?[...] : dx)
  location: variable current of type com.edi.backend.models.Claim
[INFO] 20 errors 
[INFO] -------------------------------------------------------------
[INFO] ------------------------------------------------------------------------
[INFO] BUILD FAILURE
[INFO] ------------------------------------------------------------------------
[INFO] Total time:  1.588 s
[INFO] Finished at: 2026-03-01T08:52:58-06:00
[INFO] ------------------------------------------------------------------------
[ERROR] Failed to execute goal org.apache.maven.plugins:maven-compiler-plugin:3.14.1:compile (default-compile) on project backend: Compilation failure: Compilation failure: 
[ERROR] /C:/Users/shawn/OneDrive/Desktop/resume/edi-workflow-demo/backend/src/main/java/com/edi/backend/services/SampleEdiIngestService.java:[76,38] cannot find symbol
[ERROR]   symbol:   method getClaimId()
[ERROR]   location: variable c of type com.edi.backend.models.Claim
[ERROR] /C:/Users/shawn/OneDrive/Desktop/resume/edi-workflow-demo/backend/src/main/java/com/edi/backend/services/SampleEdiIngestService.java:[77,38] cannot find symbol
[ERROR]   symbol:   method getPatientId()
[ERROR]   location: variable c of type com.edi.backend.models.Claim
[ERROR] /C:/Users/shawn/OneDrive/Desktop/resume/edi-workflow-demo/backend/src/main/java/com/edi/backend/services/SampleEdiIngestService.java:[78,38] cannot find symbol
[ERROR]   symbol:   method getProviderId()
[ERROR]   location: variable c of type com.edi.backend.models.Claim
[ERROR] /C:/Users/shawn/OneDrive/Desktop/resume/edi-workflow-demo/backend/src/main/java/com/edi/backend/services/SampleEdiIngestService.java:[79,38] cannot find symbol
[ERROR]   symbol:   method getPayerId()
[ERROR]   location: variable c of type com.edi.backend.models.Claim
[ERROR] /C:/Users/shawn/OneDrive/Desktop/resume/edi-workflow-demo/backend/src/main/java/com/edi/backend/services/SampleEdiIngestService.java:[80,30] cannot find symbol
[ERROR]   symbol:   method getServiceDate()
[ERROR]   location: variable c of type com.edi.backend.models.Claim
[ERROR] /C:/Users/shawn/OneDrive/Desktop/resume/edi-workflow-demo/backend/src/main/java/com/edi/backend/services/SampleEdiIngestService.java:[81,38] cannot find symbol
[ERROR]   symbol:   method getProcedureCode()
[ERROR]   location: variable c of type com.edi.backend.models.Claim
[ERROR] /C:/Users/shawn/OneDrive/Desktop/resume/edi-workflow-demo/backend/src/main/java/com/edi/backend/services/SampleEdiIngestService.java:[82,38] cannot find symbol
[ERROR]   symbol:   method getDiagnosisCode()
[ERROR]   location: variable c of type com.edi.backend.models.Claim
[ERROR] /C:/Users/shawn/OneDrive/Desktop/resume/edi-workflow-demo/backend/src/main/java/com/edi/backend/services/SampleEdiIngestService.java:[83,30] cannot find symbol
[ERROR]   symbol:   method getBilledAmount()
[ERROR]   location: variable c of type com.edi.backend.models.Claim
[ERROR] /C:/Users/shawn/OneDrive/Desktop/resume/edi-workflow-demo/backend/src/main/java/com/edi/backend/services/SampleEdiIngestService.java:[86,58] cannot find symbol
[ERROR]   symbol:   method getClaimId()
[ERROR]   location: variable c of type com.edi.backend.models.Claim
[ERROR] /C:/Users/shawn/OneDrive/Desktop/resume/edi-workflow-demo/backend/src/main/java/com/edi/backend/parsers/Edi837Parser.java:[33,43] cannot find symbol
[ERROR]   symbol:   method setClaimId(java.lang.String)
[ERROR]   location: variable current of type com.edi.backend.models.Claim
[ERROR] /C:/Users/shawn/OneDrive/Desktop/resume/edi-workflow-demo/backend/src/main/java/com/edi/backend/parsers/Edi837Parser.java:[35,28] cannot find symbol
[ERROR]   symbol:   method setBilledAmount(java.math.BigDecimal)
[ERROR]   location: variable current of type com.edi.backend.models.Claim
[ERROR] /C:/Users/shawn/OneDrive/Desktop/resume/edi-workflow-demo/backend/src/main/java/com/edi/backend/parsers/Edi837Parser.java:[37,24] cannot find symbol
[ERROR]   symbol:   method setEdiType(java.lang.String)
[ERROR]   location: variable current of type com.edi.backend.models.Claim
[ERROR] /C:/Users/shawn/OneDrive/Desktop/resume/edi-workflow-demo/backend/src/main/java/com/edi/backend/parsers/Edi837Parser.java:[38,24] cannot find symbol
[ERROR]   symbol:   method setClaimStatus(java.lang.String)
[ERROR]   location: variable current of type com.edi.backend.models.Claim
[ERROR] /C:/Users/shawn/OneDrive/Desktop/resume/edi-workflow-demo/backend/src/main/java/com/edi/backend/parsers/Edi837Parser.java:[39,24] cannot find symbol
[ERROR]   symbol:   method setRawEdiReference(java.lang.String)
[ERROR]   location: variable current of type com.edi.backend.models.Claim
[ERROR] /C:/Users/shawn/OneDrive/Desktop/resume/edi-workflow-demo/backend/src/main/java/com/edi/backend/parsers/Edi837Parser.java:[51,41] cannot find symbol
[ERROR]   symbol:   method setPatientId(java.lang.String)
[ERROR]   location: variable current of type com.edi.backend.models.Claim
[ERROR] /C:/Users/shawn/OneDrive/Desktop/resume/edi-workflow-demo/backend/src/main/java/com/edi/backend/parsers/Edi837Parser.java:[52,41] cannot find symbol
[ERROR]   symbol:   method setProviderId(java.lang.String)
[ERROR]   location: variable current of type com.edi.backend.models.Claim
[ERROR] /C:/Users/shawn/OneDrive/Desktop/resume/edi-workflow-demo/backend/src/main/java/com/edi/backend/parsers/Edi837Parser.java:[53,41] cannot find symbol
[ERROR]   symbol:   method setPayerId(java.lang.String)
[ERROR]   location: variable current of type com.edi.backend.models.Claim
[ERROR] /C:/Users/shawn/OneDrive/Desktop/resume/edi-workflow-demo/backend/src/main/java/com/edi/backend/parsers/Edi837Parser.java:[58,28] cannot find symbol
[ERROR]   symbol:   method setServiceDate(java.time.LocalDate)
[ERROR]   location: variable current of type com.edi.backend.models.Claim
[ERROR] /C:/Users/shawn/OneDrive/Desktop/resume/edi-workflow-demo/backend/src/main/java/com/edi/backend/parsers/Edi837Parser.java:[64,28] cannot find symbol
[ERROR]   symbol:   method setProcedureCode(idx >= 0 ?[...] comp)
[ERROR]   location: variable current of type com.edi.backend.models.Claim
[ERROR] /C:/Users/shawn/OneDrive/Desktop/resume/edi-workflow-demo/backend/src/main/java/com/edi/backend/parsers/Edi837Parser.java:[70,28] cannot find symbol
[ERROR]   symbol:   method setDiagnosisCode(idx >= 0 ?[...] : dx)
[ERROR]   location: variable current of type com.edi.backend.models.Claim
[ERROR] -> [Help 1]
[ERROR] 
[ERROR] To see the full stack trace of the errors, re-run Maven with the -e switch.
[ERROR] Re-run Maven using the -X switch to enable full debug logging.
[ERROR] 
[ERROR] For more information about the errors and possible solutions, please read the following articles:
[ERROR] [Help 1] http://cwiki.apache.org/confluence/display/MAVEN/MojoFailureException
